PS C:\Users\user\Desktop> mkdir git_challenge


    ディレクトリ: C:\Users\user\Desktop


Mode                 LastWriteTime         Length Name
----                 -------------         ------ ----
d-----        2024/05/28     22:09                git_challenge    


PS C:\Users\user\Desktop> cd git_challenge
PS C:\Users\user\Desktop\git_challenge> git init
Initialized empty Git repository in C:/Users/user/Desktop/git_challenge/.git/
PS C:\Users\user\Desktop\git_challenge> git add hello_wordl.txt
fatal: pathspec 'hello_wordl.txt' did not match any files
PS C:\Users\user\Desktop\git_challenge> git add hello_world.txt
PS C:\Users\user\Desktop\git_challenge> git commit -m "Hello,world!"
[main (root-commit) a33f7e0] Hello,world!
 1 file changed, 1 insertion(+)
 create mode 100644 hello_world.txt
PS C:\Users\user\Desktop\git_challenge> git add hello_world.txt
PS C:\Users\user\Desktop\git_challenge> git commit -m "こんにちわ、世界!"
[main 19754e9] 縺薙ｓ縺ｫ縺｡繧上∽ｸ也阜!
 1 file changed, 2 insertions(+), 1 deletion(-)
PS C:\Users\user\Desktop\git_challenge> git log --oneline
19754e9 (HEAD -> main) こんにちわ、世界!
a33f7e0 Hello,world!